D:/Root/ffmpeg-5.1.1-essentials_build/ffmpeg-5.1.1-essentials_build/bin/ffmpeg.exe -hide_banner -y -y -r 2 -start_number 0 -start_number_range 1 -i D:/Github/jamiemakesart/assets/frame%04d.png -i D:/Github/jamiemakesart/assets/KritaTempPalettegen_%06d.png -lavfi [0:v][1:v]paletteuse=dither=sierra2_4a:diff_mode=none -f gif -loop 0 -gifflags +transdiff D:/Github/jamiemakesart/assets/newjamieportrait-crop.gif
=====================================================
Input #0, image2, from 'D:/Github/jamiemakesart/assets/frame%04d.png':
  Duration: 00:00:00.08, start: 0.000000, bitrate: N/A
  Stream #0:0: Video: png, rgba(pc), 384x256 [SAR 11811:11811 DAR 3:2], 25 fps, 25 tbr, 25 tbn
Input #1, image2, from 'D:/Github/jamiemakesart/assets/KritaTempPalettegen_%06d.png':
  Duration: 00:00:00.04, start: 0.000000, bitrate: N/A
  Stream #1:0: Video: png, rgba(pc), 16x16 [SAR 1:1 DAR 1:1], 25 fps, 25 tbr, 25 tbn
Stream mapping:
  Stream #0:0 (png) -> paletteuse
  Stream #1:0 (png) -> paletteuse
  paletteuse:default -> Stream #0:0 (gif)
Press [q] to stop, [?] for help
Output #0, gif, to 'D:/Github/jamiemakesart/assets/newjamieportrait-crop.gif':
  Metadata:
    encoder         : Lavf59.27.100
  Stream #0:0: Video: gif, pal8(pc, gbr/unknown/unknown, progressive), 384x256 [SAR 1:1 DAR 3:2], q=2-31, 200 kb/s, 2 fps, 100 tbn
    Metadata:
      encoder         : Lavc59.37.100 gif
frame=    1 fps=0.0 q=-0.0 size=       0kB time=00:00:00.01 bitrate=   0.0kbits/s speed=0.665x    frame=    2 fps=0.0 q=-0.0 Lsize=      10kB time=00:00:00.51 bitrate= 165.8kbits/s speed=10.9x    
video:10kB audio:0kB subtitle:0kB other streams:0kB global headers:0kB muxing overhead: 0.189573%
